// Jest Snapshot v1, https://goo.gl/fbAQLP

exports[`renders Header snapshot 1`] = `
<nav
  className="bg-white border-b-2 shadow-sm border-gray-100 px-2 sm:px-4 py-4  "
  data-testid="header"
>
  <div
    className="container flex flex-wrap justify-between items-center mx-auto"
  >
    <span
      className="text-orange-500 text-2xl font-semibold"
    >
      Dashboard
    </span>
  </div>
</nav>
`;
